{
    "compute_bases_genome computes the number of bases in a reference genome": {
        "content": [
            {
                "0": [
                    "230218"
                ],
                "bases": [
                    "230218"
                ]
            }
        ],
        "timestamp": "2024-01-19T11:28:19.77708076"
    }
}