{
    "CUTADAPT works for single-end reads.": {
        "content": [
            [
                [
                    {
                        "sampleName": "SRR1066657_GSM1299413_WT_NR_A",
                        "readType": "single"
                    },
                    "SRR1066657_GSM1299413_WT_NR_A_R1.fastq.gz:md5,9c46e73133a169e413c6f94eb6afb277"
                ]
            ]
        ],
        "timestamp": "2023-07-31T19:06:39+0000"
    }
}