{
    "FASTQC works for paired-end reads.": {
        "content": [
            [
                [
                    "SRR6924589_GSM3073211_Saccharomyces_cerevisiae-AN_Biological_Repeat-1_Saccharomyces_cerevisiae_RNA-Seq_1_50000_fastqc.html:md5,b0678b630b35c72e417c86b03b3e9391",
                    "SRR6924589_GSM3073211_Saccharomyces_cerevisiae-AN_Biological_Repeat-1_Saccharomyces_cerevisiae_RNA-Seq_2_50000_fastqc.html:md5,d5997e0fb28d7a69372b926340241df4"
                ]
            ]
        ],
        "timestamp": "2023-07-25T16:06:41+0000"
    },
    "FASTQC works for single-end reads.": {
        "content": [
            [
                "SRR1066657_GSM1299413_WT_NR_A_Saccharomyces_cerevisiae_RNA-Seq_50000_fastqc.html:md5,910f4febdc64161348848a7ee055c40a"
            ]
        ],
        "timestamp": "2023-07-25T16:06:41+0000"
    }
}