{
    "sequencing_depth writes file of sequencing depth -- SE reads": {
        "content": [
            {
                "0": [
                    "SRR1066657_S3_L001_seq-depth.txt:md5,afcf5b26783b1e7189a66c83073e0aa4"
                ],
                "depth": [
                    "SRR1066657_S3_L001_seq-depth.txt:md5,afcf5b26783b1e7189a66c83073e0aa4"
                ]
            }
        ],
        "timestamp": "2023-09-28T19:33:40+0000"
    },
    "sequencing_depth writes file of sequencing depth -- SE reads no lane info": {
        "content": [
            {
                "0": [
                    "SRR1066657_seq-depth.txt:md5,afcf5b26783b1e7189a66c83073e0aa4"
                ],
                "depth": [
                    "SRR1066657_seq-depth.txt:md5,afcf5b26783b1e7189a66c83073e0aa4"
                ]
            }
        ],
        "timestamp": "2023-09-28T19:33:40+0000"
    },
    "sequencing_depth writes file of sequencing depth -- PE reads": {
        "content": [
            {
                "0": [
                    "SRR6924569_S1_L001_seq-depth.txt:md5,c6b428ff5b8f681e71ec3b138849fec1"
                ],
                "depth": [
                    "SRR6924569_S1_L001_seq-depth.txt:md5,c6b428ff5b8f681e71ec3b138849fec1"
                ]
            }
        ],
        "timestamp": "2023-09-28T19:33:40+0000"
    }
}