{
    "Bwa_Mem2 builds index and aligns reads -- SE reads.": {
        "content": [
            {
                "0": [
                    [
                        {
                            "sampleName": "SRR1066657",
                            "sampleNumber": "3",
                            "lane": "001",
                            "readType": "single",
                            "rgLine": "@RG\tID:SRR1066657.001\tSM:SRR1066657\tLB:SRR1066657\tPL:ILLUMINA"
                        },
                        "SRR1066657_L001.sam:md5,7111ddc8b9797a0e4d04bffaa5c5be34"
                    ]
                ],
                "alignments": [
                    [
                        {
                            "sampleName": "SRR1066657",
                            "sampleNumber": "3",
                            "lane": "001",
                            "readType": "single",
                            "rgLine": "@RG\tID:SRR1066657.001\tSM:SRR1066657\tLB:SRR1066657\tPL:ILLUMINA"
                        },
                        "SRR1066657_L001.sam:md5,7111ddc8b9797a0e4d04bffaa5c5be34"
                    ]
                ]
            }
        ],
        "timestamp": "2023-10-17T09:33:52.618514402"
    },
    "Bwa_Mem2 builds index and aligns reads -- PE reads.": {
        "content": [
            {
                "0": [
                    [
                        {
                            "sampleName": "SRR6924569",
                            "sampleNumber": "1",
                            "lane": "001",
                            "readType": "paired",
                            "rgLine": "@RG\tID:SRR6924569.001\tSM:SRR6924569\tLB:SRR6924569\tPL:ILLUMINA"
                        },
                        "SRR6924569_L001.sam:md5,1c13b95ac563b45f8d2b7f3789ce8bd4"
                    ]
                ],
                "alignments": [
                    [
                        {
                            "sampleName": "SRR6924569",
                            "sampleNumber": "1",
                            "lane": "001",
                            "readType": "paired",
                            "rgLine": "@RG\tID:SRR6924569.001\tSM:SRR6924569\tLB:SRR6924569\tPL:ILLUMINA"
                        },
                        "SRR6924569_L001.sam:md5,1c13b95ac563b45f8d2b7f3789ce8bd4"
                    ]
                ]
            }
        ],
        "timestamp": "2023-10-17T09:34:04.173682776"
    }
}