{
    "Bwa_Mem2 builds index and aligns reads -- SE reads.": {
        "content": [
            {
                "0": [
                    [
                        {
                            "sampleName": "SRR1066657",
                            "sampleNumber": "3",
                            "lane": "001",
                            "readType": "single"
                        },
                        "SRR1066657_L001.sam:md5,9251c079303fa850c7a825d7b79177cd"
                    ]
                ],
                "alignments": [
                    [
                        {
                            "sampleName": "SRR1066657",
                            "sampleNumber": "3",
                            "lane": "001",
                            "readType": "single"
                        },
                        "SRR1066657_L001.sam:md5,9251c079303fa850c7a825d7b79177cd"
                    ]
                ]
            }
        ],
        "timestamp": "2023-10-15T13:07:07.642064664"
    },
    "Bwa_Mem2 builds index and aligns reads -- PE reads.": {
        "content": [
            {
                "0": [
                    [
                        {
                            "sampleName": "SRR6924569",
                            "sampleNumber": "1",
                            "lane": "001",
                            "readType": "paired"
                        },
                        "SRR6924569_L001.sam:md5,bb65b910ecb5bce5cb30f0ba515bfd21"
                    ]
                ],
                "alignments": [
                    [
                        {
                            "sampleName": "SRR6924569",
                            "sampleNumber": "1",
                            "lane": "001",
                            "readType": "paired"
                        },
                        "SRR6924569_L001.sam:md5,bb65b910ecb5bce5cb30f0ba515bfd21"
                    ]
                ]
            }
        ],
        "timestamp": "2023-10-15T13:10:40.667556838"
    }
}