{
    "Parse_Samplesheet successfully creates read channels from mixed single-end and paired-end samplesheet.": {
        "content": [
            {
                "0": [
                    [
                        {
                            "sampleName": "SRR1066657_GSM1299413_WT_NR_A",
                            "trimStatus": "raw",
                            "readType": "single",
                            "rgFields": {
                                "ID": "SRR1066657_GSM1299413_WT_NR_A.null",
                                "SM": "SRR1066657_GSM1299413_WT_NR_A",
                                "LB": "SRR1066657_GSM1299413_WT_NR_A",
                                "PL": "ILLUMINA"
                            }
                        },
                        "/trev-f/SRAlign-test/raw/rnaseq/data/reads/SRR1066657_GSM1299413_WT_NR_A_Saccharomyces_cerevisiae_RNA-Seq_50000.fastq.gz",
                        "SRR1066657_GSM1299413_WT_NR_A_Saccharomyces_cerevisiae_RNA-Seq_50000.NOFILE:md5,d41d8cd98f00b204e9800998ecf8427e"
                    ],
                    [
                        {
                            "sampleName": "SRR1066658_GSM1299414_WT_NR_B",
                            "trimStatus": "raw",
                            "readType": "single",
                            "rgFields": {
                                "ID": "SRR1066658_GSM1299414_WT_NR_B.null",
                                "SM": "SRR1066658_GSM1299414_WT_NR_B",
                                "LB": "SRR1066658_GSM1299414_WT_NR_B",
                                "PL": "ILLUMINA"
                            }
                        },
                        "/trev-f/SRAlign-test/raw/rnaseq/data/reads/SRR1066658_GSM1299414_WT_NR_B_Saccharomyces_cerevisiae_RNA-Seq_50000.fastq.gz",
                        "SRR1066658_GSM1299414_WT_NR_B_Saccharomyces_cerevisiae_RNA-Seq_50000.NOFILE:md5,d41d8cd98f00b204e9800998ecf8427e"
                    ],
                    [
                        {
                            "sampleName": "SRR6924569_GSM3073206_Saccharomyces_cerevisiae-AR_Biological_Repeat-2",
                            "trimStatus": "raw",
                            "readType": "paired",
                            "rgFields": {
                                "ID": "SRR6924569_GSM3073206_Saccharomyces_cerevisiae-AR_Biological_Repeat-2.null",
                                "SM": "SRR6924569_GSM3073206_Saccharomyces_cerevisiae-AR_Biological_Repeat-2",
                                "LB": "SRR6924569_GSM3073206_Saccharomyces_cerevisiae-AR_Biological_Repeat-2",
                                "PL": "ILLUMINA"
                            }
                        },
                        "/trev-f/SRAlign-test/raw/rnaseq/data/reads/SRR6924569_GSM3073206_Saccharomyces_cerevisiae-AR_Biological_Repeat-2_Saccharomyces_cerevisiae_RNA-Seq_1_50000.fastq.gz",
                        "/trev-f/SRAlign-test/raw/rnaseq/data/reads/SRR6924569_GSM3073206_Saccharomyces_cerevisiae-AR_Biological_Repeat-2_Saccharomyces_cerevisiae_RNA-Seq_2_50000.fastq.gz"
                    ],
                    [
                        {
                            "sampleName": "SRR6924589_GSM3073211_Saccharomyces_cerevisiae-AN_Biological_Repeat-1",
                            "trimStatus": "raw",
                            "readType": "paired",
                            "rgFields": {
                                "ID": "SRR6924589_GSM3073211_Saccharomyces_cerevisiae-AN_Biological_Repeat-1.null",
                                "SM": "SRR6924589_GSM3073211_Saccharomyces_cerevisiae-AN_Biological_Repeat-1",
                                "LB": "SRR6924589_GSM3073211_Saccharomyces_cerevisiae-AN_Biological_Repeat-1",
                                "PL": "ILLUMINA"
                            }
                        },
                        "/trev-f/SRAlign-test/raw/rnaseq/data/reads/SRR6924589_GSM3073211_Saccharomyces_cerevisiae-AN_Biological_Repeat-1_Saccharomyces_cerevisiae_RNA-Seq_1_50000.fastq.gz",
                        "/trev-f/SRAlign-test/raw/rnaseq/data/reads/SRR6924589_GSM3073211_Saccharomyces_cerevisiae-AN_Biological_Repeat-1_Saccharomyces_cerevisiae_RNA-Seq_2_50000.fastq.gz"
                    ]
                ],
                "samples": [
                    [
                        {
                            "sampleName": "SRR1066657_GSM1299413_WT_NR_A",
                            "trimStatus": "raw",
                            "readType": "single",
                            "rgFields": {
                                "ID": "SRR1066657_GSM1299413_WT_NR_A.null",
                                "SM": "SRR1066657_GSM1299413_WT_NR_A",
                                "LB": "SRR1066657_GSM1299413_WT_NR_A",
                                "PL": "ILLUMINA"
                            }
                        },
                        "/trev-f/SRAlign-test/raw/rnaseq/data/reads/SRR1066657_GSM1299413_WT_NR_A_Saccharomyces_cerevisiae_RNA-Seq_50000.fastq.gz",
                        "SRR1066657_GSM1299413_WT_NR_A_Saccharomyces_cerevisiae_RNA-Seq_50000.NOFILE:md5,d41d8cd98f00b204e9800998ecf8427e"
                    ],
                    [
                        {
                            "sampleName": "SRR1066658_GSM1299414_WT_NR_B",
                            "trimStatus": "raw",
                            "readType": "single",
                            "rgFields": {
                                "ID": "SRR1066658_GSM1299414_WT_NR_B.null",
                                "SM": "SRR1066658_GSM1299414_WT_NR_B",
                                "LB": "SRR1066658_GSM1299414_WT_NR_B",
                                "PL": "ILLUMINA"
                            }
                        },
                        "/trev-f/SRAlign-test/raw/rnaseq/data/reads/SRR1066658_GSM1299414_WT_NR_B_Saccharomyces_cerevisiae_RNA-Seq_50000.fastq.gz",
                        "SRR1066658_GSM1299414_WT_NR_B_Saccharomyces_cerevisiae_RNA-Seq_50000.NOFILE:md5,d41d8cd98f00b204e9800998ecf8427e"
                    ],
                    [
                        {
                            "sampleName": "SRR6924569_GSM3073206_Saccharomyces_cerevisiae-AR_Biological_Repeat-2",
                            "trimStatus": "raw",
                            "readType": "paired",
                            "rgFields": {
                                "ID": "SRR6924569_GSM3073206_Saccharomyces_cerevisiae-AR_Biological_Repeat-2.null",
                                "SM": "SRR6924569_GSM3073206_Saccharomyces_cerevisiae-AR_Biological_Repeat-2",
                                "LB": "SRR6924569_GSM3073206_Saccharomyces_cerevisiae-AR_Biological_Repeat-2",
                                "PL": "ILLUMINA"
                            }
                        },
                        "/trev-f/SRAlign-test/raw/rnaseq/data/reads/SRR6924569_GSM3073206_Saccharomyces_cerevisiae-AR_Biological_Repeat-2_Saccharomyces_cerevisiae_RNA-Seq_1_50000.fastq.gz",
                        "/trev-f/SRAlign-test/raw/rnaseq/data/reads/SRR6924569_GSM3073206_Saccharomyces_cerevisiae-AR_Biological_Repeat-2_Saccharomyces_cerevisiae_RNA-Seq_2_50000.fastq.gz"
                    ],
                    [
                        {
                            "sampleName": "SRR6924589_GSM3073211_Saccharomyces_cerevisiae-AN_Biological_Repeat-1",
                            "trimStatus": "raw",
                            "readType": "paired",
                            "rgFields": {
                                "ID": "SRR6924589_GSM3073211_Saccharomyces_cerevisiae-AN_Biological_Repeat-1.null",
                                "SM": "SRR6924589_GSM3073211_Saccharomyces_cerevisiae-AN_Biological_Repeat-1",
                                "LB": "SRR6924589_GSM3073211_Saccharomyces_cerevisiae-AN_Biological_Repeat-1",
                                "PL": "ILLUMINA"
                            }
                        },
                        "/trev-f/SRAlign-test/raw/rnaseq/data/reads/SRR6924589_GSM3073211_Saccharomyces_cerevisiae-AN_Biological_Repeat-1_Saccharomyces_cerevisiae_RNA-Seq_1_50000.fastq.gz",
                        "/trev-f/SRAlign-test/raw/rnaseq/data/reads/SRR6924589_GSM3073211_Saccharomyces_cerevisiae-AN_Biological_Repeat-1_Saccharomyces_cerevisiae_RNA-Seq_2_50000.fastq.gz"
                    ]
                ]
            }
        ],
        "timestamp": "2023-10-31T16:21:33.082790437"
    },
    "successfully creates channels from single-end samplesheet.": {
        "content": [
            {
                "0": [
                    [
                        {
                            "sampleName": "SRR1066657_GSM1299413_WT_NR_A",
                            "readType": "single"
                        },
                        [
                            "/trev-f/SRAlign-test/raw/rnaseq/data/reads/SRR1066657_GSM1299413_WT_NR_A_Saccharomyces_cerevisiae_RNA-Seq_50000.fastq.gz"
                        ]
                    ],
                    [
                        {
                            "sampleName": "SRR1066658_GSM1299414_WT_NR_B",
                            "readType": "single"
                        },
                        [
                            "/trev-f/SRAlign-test/raw/rnaseq/data/reads/SRR1066658_GSM1299414_WT_NR_B_Saccharomyces_cerevisiae_RNA-Seq_50000.fastq.gz"
                        ]
                    ]
                ],
                "samples": [
                    [
                        {
                            "sampleName": "SRR1066657_GSM1299413_WT_NR_A",
                            "readType": "single"
                        },
                        [
                            "/trev-f/SRAlign-test/raw/rnaseq/data/reads/SRR1066657_GSM1299413_WT_NR_A_Saccharomyces_cerevisiae_RNA-Seq_50000.fastq.gz"
                        ]
                    ],
                    [
                        {
                            "sampleName": "SRR1066658_GSM1299414_WT_NR_B",
                            "readType": "single"
                        },
                        [
                            "/trev-f/SRAlign-test/raw/rnaseq/data/reads/SRR1066658_GSM1299414_WT_NR_B_Saccharomyces_cerevisiae_RNA-Seq_50000.fastq.gz"
                        ]
                    ]
                ]
            }
        ],
        "timestamp": "2023-09-28T16:04:46+0000"
    },
    "Parse_Samplesheet successfully creates read channels from single-end samplesheet.": {
        "content": [
            {
                "0": [
                    [
                        {
                            "sampleName": "SRR1066657_GSM1299413_WT_NR_A",
                            "trimStatus": "raw",
                            "readType": "single",
                            "rgFields": {
                                "ID": "SRR1066657_GSM1299413_WT_NR_A.null",
                                "SM": "SRR1066657_GSM1299413_WT_NR_A",
                                "LB": "SRR1066657_GSM1299413_WT_NR_A",
                                "PL": "ILLUMINA"
                            }
                        },
                        "/trev-f/SRAlign-test/raw/rnaseq/data/reads/SRR1066657_GSM1299413_WT_NR_A_Saccharomyces_cerevisiae_RNA-Seq_50000.fastq.gz",
                        "SRR1066657_GSM1299413_WT_NR_A_Saccharomyces_cerevisiae_RNA-Seq_50000.NOFILE:md5,d41d8cd98f00b204e9800998ecf8427e"
                    ],
                    [
                        {
                            "sampleName": "SRR1066658_GSM1299414_WT_NR_B",
                            "trimStatus": "raw",
                            "readType": "single",
                            "rgFields": {
                                "ID": "SRR1066658_GSM1299414_WT_NR_B.null",
                                "SM": "SRR1066658_GSM1299414_WT_NR_B",
                                "LB": "SRR1066658_GSM1299414_WT_NR_B",
                                "PL": "ILLUMINA"
                            }
                        },
                        "/trev-f/SRAlign-test/raw/rnaseq/data/reads/SRR1066658_GSM1299414_WT_NR_B_Saccharomyces_cerevisiae_RNA-Seq_50000.fastq.gz",
                        "SRR1066658_GSM1299414_WT_NR_B_Saccharomyces_cerevisiae_RNA-Seq_50000.NOFILE:md5,d41d8cd98f00b204e9800998ecf8427e"
                    ]
                ],
                "samples": [
                    [
                        {
                            "sampleName": "SRR1066657_GSM1299413_WT_NR_A",
                            "trimStatus": "raw",
                            "readType": "single",
                            "rgFields": {
                                "ID": "SRR1066657_GSM1299413_WT_NR_A.null",
                                "SM": "SRR1066657_GSM1299413_WT_NR_A",
                                "LB": "SRR1066657_GSM1299413_WT_NR_A",
                                "PL": "ILLUMINA"
                            }
                        },
                        "/trev-f/SRAlign-test/raw/rnaseq/data/reads/SRR1066657_GSM1299413_WT_NR_A_Saccharomyces_cerevisiae_RNA-Seq_50000.fastq.gz",
                        "SRR1066657_GSM1299413_WT_NR_A_Saccharomyces_cerevisiae_RNA-Seq_50000.NOFILE:md5,d41d8cd98f00b204e9800998ecf8427e"
                    ],
                    [
                        {
                            "sampleName": "SRR1066658_GSM1299414_WT_NR_B",
                            "trimStatus": "raw",
                            "readType": "single",
                            "rgFields": {
                                "ID": "SRR1066658_GSM1299414_WT_NR_B.null",
                                "SM": "SRR1066658_GSM1299414_WT_NR_B",
                                "LB": "SRR1066658_GSM1299414_WT_NR_B",
                                "PL": "ILLUMINA"
                            }
                        },
                        "/trev-f/SRAlign-test/raw/rnaseq/data/reads/SRR1066658_GSM1299414_WT_NR_B_Saccharomyces_cerevisiae_RNA-Seq_50000.fastq.gz",
                        "SRR1066658_GSM1299414_WT_NR_B_Saccharomyces_cerevisiae_RNA-Seq_50000.NOFILE:md5,d41d8cd98f00b204e9800998ecf8427e"
                    ]
                ]
            }
        ],
        "timestamp": "2023-10-31T16:21:18.641760871"
    },
    "Parse_Design successfully creates read channels with lanes and sample numbers -- SE + PE reads.": {
        "content": [
            {
                "0": [
                    [
                        {
                            "sampleName": "SRR1066657",
                            "readType": "single",
                            "sampleNumber": "3",
                            "lane": "001"
                        },
                        [
                            "/utia-gc/ngs-test/raw/ngs/data/reads/raw/SRR1066657_S3_L001_R1_001.fastq.gz"
                        ],
                        [
                            "SRR1066657_S3_L001_R1_001.fastq.gz.NOFILE:md5,d41d8cd98f00b204e9800998ecf8427e"
                        ]
                    ],
                    [
                        {
                            "sampleName": "SRR1066657",
                            "readType": "single",
                            "sampleNumber": "3",
                            "lane": "002"
                        },
                        [
                            "/utia-gc/ngs-test/raw/ngs/data/reads/raw/SRR1066657_S3_L002_R1_001.fastq.gz"
                        ],
                        [
                            "SRR1066657_S3_L002_R1_001.fastq.gz.NOFILE:md5,d41d8cd98f00b204e9800998ecf8427e"
                        ]
                    ],
                    [
                        {
                            "sampleName": "SRR6924569",
                            "readType": "paired",
                            "sampleNumber": "1",
                            "lane": "001"
                        },
                        [
                            "/utia-gc/ngs-test/raw/ngs/data/reads/raw/SRR6924569_S1_L001_R1_001.fastq.gz"
                        ],
                        [
                            "/utia-gc/ngs-test/raw/ngs/data/reads/raw/SRR6924569_S1_L001_R2_001.fastq.gz"
                        ]
                    ],
                    [
                        {
                            "sampleName": "SRR6924569",
                            "readType": "paired",
                            "sampleNumber": "1",
                            "lane": "002"
                        },
                        [
                            "/utia-gc/ngs-test/raw/ngs/data/reads/raw/SRR6924569_S1_L002_R1_001.fastq.gz"
                        ],
                        [
                            "/utia-gc/ngs-test/raw/ngs/data/reads/raw/SRR6924569_S1_L002_R2_001.fastq.gz"
                        ]
                    ]
                ],
                "samples": [
                    [
                        {
                            "sampleName": "SRR1066657",
                            "readType": "single",
                            "sampleNumber": "3",
                            "lane": "001"
                        },
                        [
                            "/utia-gc/ngs-test/raw/ngs/data/reads/raw/SRR1066657_S3_L001_R1_001.fastq.gz"
                        ],
                        [
                            "SRR1066657_S3_L001_R1_001.fastq.gz.NOFILE:md5,d41d8cd98f00b204e9800998ecf8427e"
                        ]
                    ],
                    [
                        {
                            "sampleName": "SRR1066657",
                            "readType": "single",
                            "sampleNumber": "3",
                            "lane": "002"
                        },
                        [
                            "/utia-gc/ngs-test/raw/ngs/data/reads/raw/SRR1066657_S3_L002_R1_001.fastq.gz"
                        ],
                        [
                            "SRR1066657_S3_L002_R1_001.fastq.gz.NOFILE:md5,d41d8cd98f00b204e9800998ecf8427e"
                        ]
                    ],
                    [
                        {
                            "sampleName": "SRR6924569",
                            "readType": "paired",
                            "sampleNumber": "1",
                            "lane": "001"
                        },
                        [
                            "/utia-gc/ngs-test/raw/ngs/data/reads/raw/SRR6924569_S1_L001_R1_001.fastq.gz"
                        ],
                        [
                            "/utia-gc/ngs-test/raw/ngs/data/reads/raw/SRR6924569_S1_L001_R2_001.fastq.gz"
                        ]
                    ],
                    [
                        {
                            "sampleName": "SRR6924569",
                            "readType": "paired",
                            "sampleNumber": "1",
                            "lane": "002"
                        },
                        [
                            "/utia-gc/ngs-test/raw/ngs/data/reads/raw/SRR6924569_S1_L002_R1_001.fastq.gz"
                        ],
                        [
                            "/utia-gc/ngs-test/raw/ngs/data/reads/raw/SRR6924569_S1_L002_R2_001.fastq.gz"
                        ]
                    ]
                ]
            }
        ],
        "timestamp": "2023-10-10T10:13:48.816823813"
    },
    "Parse_Samplesheet successfully creates read channels with lanes and sample numbers -- SE + PE reads.": {
        "content": [
            {
                "0": [
                    [
                        {
                            "sampleName": "SRR1066657",
                            "trimStatus": "raw",
                            "readType": "single",
                            "sampleNumber": "3",
                            "lane": "001",
                            "rgFields": {
                                "ID": "SRR1066657.001",
                                "SM": "SRR1066657",
                                "LB": "SRR1066657",
                                "PL": "ILLUMINA"
                            }
                        },
                        "/utia-gc/ngs-test/raw/ngs/data/reads/raw/SRR1066657_S3_L001_R1_001.fastq.gz",
                        "SRR1066657_S3_L001_R1_001.NOFILE:md5,d41d8cd98f00b204e9800998ecf8427e"
                    ],
                    [
                        {
                            "sampleName": "SRR1066657",
                            "trimStatus": "raw",
                            "readType": "single",
                            "sampleNumber": "3",
                            "lane": "002",
                            "rgFields": {
                                "ID": "SRR1066657.002",
                                "SM": "SRR1066657",
                                "LB": "SRR1066657",
                                "PL": "ILLUMINA"
                            }
                        },
                        "/utia-gc/ngs-test/raw/ngs/data/reads/raw/SRR1066657_S3_L002_R1_001.fastq.gz",
                        "SRR1066657_S3_L002_R1_001.NOFILE:md5,d41d8cd98f00b204e9800998ecf8427e"
                    ],
                    [
                        {
                            "sampleName": "SRR6924569",
                            "trimStatus": "raw",
                            "readType": "paired",
                            "sampleNumber": "1",
                            "lane": "001",
                            "rgFields": {
                                "ID": "SRR6924569.001",
                                "SM": "SRR6924569",
                                "LB": "SRR6924569",
                                "PL": "ILLUMINA"
                            }
                        },
                        "/utia-gc/ngs-test/raw/ngs/data/reads/raw/SRR6924569_S1_L001_R1_001.fastq.gz",
                        "/utia-gc/ngs-test/raw/ngs/data/reads/raw/SRR6924569_S1_L001_R2_001.fastq.gz"
                    ],
                    [
                        {
                            "sampleName": "SRR6924569",
                            "trimStatus": "raw",
                            "readType": "paired",
                            "sampleNumber": "1",
                            "lane": "002",
                            "rgFields": {
                                "ID": "SRR6924569.002",
                                "SM": "SRR6924569",
                                "LB": "SRR6924569",
                                "PL": "ILLUMINA"
                            }
                        },
                        "/utia-gc/ngs-test/raw/ngs/data/reads/raw/SRR6924569_S1_L002_R1_001.fastq.gz",
                        "/utia-gc/ngs-test/raw/ngs/data/reads/raw/SRR6924569_S1_L002_R2_001.fastq.gz"
                    ]
                ],
                "samples": [
                    [
                        {
                            "sampleName": "SRR1066657",
                            "trimStatus": "raw",
                            "readType": "single",
                            "sampleNumber": "3",
                            "lane": "001",
                            "rgFields": {
                                "ID": "SRR1066657.001",
                                "SM": "SRR1066657",
                                "LB": "SRR1066657",
                                "PL": "ILLUMINA"
                            }
                        },
                        "/utia-gc/ngs-test/raw/ngs/data/reads/raw/SRR1066657_S3_L001_R1_001.fastq.gz",
                        "SRR1066657_S3_L001_R1_001.NOFILE:md5,d41d8cd98f00b204e9800998ecf8427e"
                    ],
                    [
                        {
                            "sampleName": "SRR1066657",
                            "trimStatus": "raw",
                            "readType": "single",
                            "sampleNumber": "3",
                            "lane": "002",
                            "rgFields": {
                                "ID": "SRR1066657.002",
                                "SM": "SRR1066657",
                                "LB": "SRR1066657",
                                "PL": "ILLUMINA"
                            }
                        },
                        "/utia-gc/ngs-test/raw/ngs/data/reads/raw/SRR1066657_S3_L002_R1_001.fastq.gz",
                        "SRR1066657_S3_L002_R1_001.NOFILE:md5,d41d8cd98f00b204e9800998ecf8427e"
                    ],
                    [
                        {
                            "sampleName": "SRR6924569",
                            "trimStatus": "raw",
                            "readType": "paired",
                            "sampleNumber": "1",
                            "lane": "001",
                            "rgFields": {
                                "ID": "SRR6924569.001",
                                "SM": "SRR6924569",
                                "LB": "SRR6924569",
                                "PL": "ILLUMINA"
                            }
                        },
                        "/utia-gc/ngs-test/raw/ngs/data/reads/raw/SRR6924569_S1_L001_R1_001.fastq.gz",
                        "/utia-gc/ngs-test/raw/ngs/data/reads/raw/SRR6924569_S1_L001_R2_001.fastq.gz"
                    ],
                    [
                        {
                            "sampleName": "SRR6924569",
                            "trimStatus": "raw",
                            "readType": "paired",
                            "sampleNumber": "1",
                            "lane": "002",
                            "rgFields": {
                                "ID": "SRR6924569.002",
                                "SM": "SRR6924569",
                                "LB": "SRR6924569",
                                "PL": "ILLUMINA"
                            }
                        },
                        "/utia-gc/ngs-test/raw/ngs/data/reads/raw/SRR6924569_S1_L002_R1_001.fastq.gz",
                        "/utia-gc/ngs-test/raw/ngs/data/reads/raw/SRR6924569_S1_L002_R2_001.fastq.gz"
                    ]
                ]
            }
        ],
        "timestamp": "2023-10-31T16:21:41.315493625"
    },
    "successfully creates read channels from single-end samplesheet.": {
        "content": [
            {
                "0": [
                    [
                        {
                            "sampleName": "SRR1066657_GSM1299413_WT_NR_A",
                            "readType": "single"
                        },
                        [
                            "/trev-f/SRAlign-test/raw/rnaseq/data/reads/SRR1066657_GSM1299413_WT_NR_A_Saccharomyces_cerevisiae_RNA-Seq_50000.fastq.gz"
                        ]
                    ],
                    [
                        {
                            "sampleName": "SRR1066658_GSM1299414_WT_NR_B",
                            "readType": "single"
                        },
                        [
                            "/trev-f/SRAlign-test/raw/rnaseq/data/reads/SRR1066658_GSM1299414_WT_NR_B_Saccharomyces_cerevisiae_RNA-Seq_50000.fastq.gz"
                        ]
                    ]
                ],
                "samples": [
                    [
                        {
                            "sampleName": "SRR1066657_GSM1299413_WT_NR_A",
                            "readType": "single"
                        },
                        [
                            "/trev-f/SRAlign-test/raw/rnaseq/data/reads/SRR1066657_GSM1299413_WT_NR_A_Saccharomyces_cerevisiae_RNA-Seq_50000.fastq.gz"
                        ]
                    ],
                    [
                        {
                            "sampleName": "SRR1066658_GSM1299414_WT_NR_B",
                            "readType": "single"
                        },
                        [
                            "/trev-f/SRAlign-test/raw/rnaseq/data/reads/SRR1066658_GSM1299414_WT_NR_B_Saccharomyces_cerevisiae_RNA-Seq_50000.fastq.gz"
                        ]
                    ]
                ]
            }
        ],
        "timestamp": "2023-09-28T16:04:46+0000"
    },
    "Parse_Design successfully creates read channels from single-end samplesheet.": {
        "content": [
            {
                "0": [
                    [
                        {
                            "sampleName": "SRR1066657_GSM1299413_WT_NR_A",
                            "readType": "single"
                        },
                        [
                            "/trev-f/SRAlign-test/raw/rnaseq/data/reads/SRR1066657_GSM1299413_WT_NR_A_Saccharomyces_cerevisiae_RNA-Seq_50000.fastq.gz"
                        ],
                        [
                            "SRR1066657_GSM1299413_WT_NR_A_Saccharomyces_cerevisiae_RNA-Seq_50000.fastq.gz.NOFILE:md5,d41d8cd98f00b204e9800998ecf8427e"
                        ]
                    ],
                    [
                        {
                            "sampleName": "SRR1066658_GSM1299414_WT_NR_B",
                            "readType": "single"
                        },
                        [
                            "/trev-f/SRAlign-test/raw/rnaseq/data/reads/SRR1066658_GSM1299414_WT_NR_B_Saccharomyces_cerevisiae_RNA-Seq_50000.fastq.gz"
                        ],
                        [
                            "SRR1066658_GSM1299414_WT_NR_B_Saccharomyces_cerevisiae_RNA-Seq_50000.fastq.gz.NOFILE:md5,d41d8cd98f00b204e9800998ecf8427e"
                        ]
                    ]
                ],
                "samples": [
                    [
                        {
                            "sampleName": "SRR1066657_GSM1299413_WT_NR_A",
                            "readType": "single"
                        },
                        [
                            "/trev-f/SRAlign-test/raw/rnaseq/data/reads/SRR1066657_GSM1299413_WT_NR_A_Saccharomyces_cerevisiae_RNA-Seq_50000.fastq.gz"
                        ],
                        [
                            "SRR1066657_GSM1299413_WT_NR_A_Saccharomyces_cerevisiae_RNA-Seq_50000.fastq.gz.NOFILE:md5,d41d8cd98f00b204e9800998ecf8427e"
                        ]
                    ],
                    [
                        {
                            "sampleName": "SRR1066658_GSM1299414_WT_NR_B",
                            "readType": "single"
                        },
                        [
                            "/trev-f/SRAlign-test/raw/rnaseq/data/reads/SRR1066658_GSM1299414_WT_NR_B_Saccharomyces_cerevisiae_RNA-Seq_50000.fastq.gz"
                        ],
                        [
                            "SRR1066658_GSM1299414_WT_NR_B_Saccharomyces_cerevisiae_RNA-Seq_50000.fastq.gz.NOFILE:md5,d41d8cd98f00b204e9800998ecf8427e"
                        ]
                    ]
                ]
            }
        ],
        "timestamp": "2023-10-10T10:13:32.454206952"
    },
    "Parse_Design successfully creates read channels from mixed single-end and paired-end samplesheet.": {
        "content": [
            {
                "0": [
                    [
                        {
                            "sampleName": "SRR1066657_GSM1299413_WT_NR_A",
                            "readType": "single"
                        },
                        [
                            "/trev-f/SRAlign-test/raw/rnaseq/data/reads/SRR1066657_GSM1299413_WT_NR_A_Saccharomyces_cerevisiae_RNA-Seq_50000.fastq.gz"
                        ],
                        [
                            "SRR1066657_GSM1299413_WT_NR_A_Saccharomyces_cerevisiae_RNA-Seq_50000.fastq.gz.NOFILE:md5,d41d8cd98f00b204e9800998ecf8427e"
                        ]
                    ],
                    [
                        {
                            "sampleName": "SRR1066658_GSM1299414_WT_NR_B",
                            "readType": "single"
                        },
                        [
                            "/trev-f/SRAlign-test/raw/rnaseq/data/reads/SRR1066658_GSM1299414_WT_NR_B_Saccharomyces_cerevisiae_RNA-Seq_50000.fastq.gz"
                        ],
                        [
                            "SRR1066658_GSM1299414_WT_NR_B_Saccharomyces_cerevisiae_RNA-Seq_50000.fastq.gz.NOFILE:md5,d41d8cd98f00b204e9800998ecf8427e"
                        ]
                    ],
                    [
                        {
                            "sampleName": "SRR6924569_GSM3073206_Saccharomyces_cerevisiae-AR_Biological_Repeat-2",
                            "readType": "paired"
                        },
                        [
                            "/trev-f/SRAlign-test/raw/rnaseq/data/reads/SRR6924569_GSM3073206_Saccharomyces_cerevisiae-AR_Biological_Repeat-2_Saccharomyces_cerevisiae_RNA-Seq_1_50000.fastq.gz"
                        ],
                        [
                            "/trev-f/SRAlign-test/raw/rnaseq/data/reads/SRR6924569_GSM3073206_Saccharomyces_cerevisiae-AR_Biological_Repeat-2_Saccharomyces_cerevisiae_RNA-Seq_2_50000.fastq.gz"
                        ]
                    ],
                    [
                        {
                            "sampleName": "SRR6924589_GSM3073211_Saccharomyces_cerevisiae-AN_Biological_Repeat-1",
                            "readType": "paired"
                        },
                        [
                            "/trev-f/SRAlign-test/raw/rnaseq/data/reads/SRR6924589_GSM3073211_Saccharomyces_cerevisiae-AN_Biological_Repeat-1_Saccharomyces_cerevisiae_RNA-Seq_1_50000.fastq.gz"
                        ],
                        [
                            "/trev-f/SRAlign-test/raw/rnaseq/data/reads/SRR6924589_GSM3073211_Saccharomyces_cerevisiae-AN_Biological_Repeat-1_Saccharomyces_cerevisiae_RNA-Seq_2_50000.fastq.gz"
                        ]
                    ]
                ],
                "samples": [
                    [
                        {
                            "sampleName": "SRR1066657_GSM1299413_WT_NR_A",
                            "readType": "single"
                        },
                        [
                            "/trev-f/SRAlign-test/raw/rnaseq/data/reads/SRR1066657_GSM1299413_WT_NR_A_Saccharomyces_cerevisiae_RNA-Seq_50000.fastq.gz"
                        ],
                        [
                            "SRR1066657_GSM1299413_WT_NR_A_Saccharomyces_cerevisiae_RNA-Seq_50000.fastq.gz.NOFILE:md5,d41d8cd98f00b204e9800998ecf8427e"
                        ]
                    ],
                    [
                        {
                            "sampleName": "SRR1066658_GSM1299414_WT_NR_B",
                            "readType": "single"
                        },
                        [
                            "/trev-f/SRAlign-test/raw/rnaseq/data/reads/SRR1066658_GSM1299414_WT_NR_B_Saccharomyces_cerevisiae_RNA-Seq_50000.fastq.gz"
                        ],
                        [
                            "SRR1066658_GSM1299414_WT_NR_B_Saccharomyces_cerevisiae_RNA-Seq_50000.fastq.gz.NOFILE:md5,d41d8cd98f00b204e9800998ecf8427e"
                        ]
                    ],
                    [
                        {
                            "sampleName": "SRR6924569_GSM3073206_Saccharomyces_cerevisiae-AR_Biological_Repeat-2",
                            "readType": "paired"
                        },
                        [
                            "/trev-f/SRAlign-test/raw/rnaseq/data/reads/SRR6924569_GSM3073206_Saccharomyces_cerevisiae-AR_Biological_Repeat-2_Saccharomyces_cerevisiae_RNA-Seq_1_50000.fastq.gz"
                        ],
                        [
                            "/trev-f/SRAlign-test/raw/rnaseq/data/reads/SRR6924569_GSM3073206_Saccharomyces_cerevisiae-AR_Biological_Repeat-2_Saccharomyces_cerevisiae_RNA-Seq_2_50000.fastq.gz"
                        ]
                    ],
                    [
                        {
                            "sampleName": "SRR6924589_GSM3073211_Saccharomyces_cerevisiae-AN_Biological_Repeat-1",
                            "readType": "paired"
                        },
                        [
                            "/trev-f/SRAlign-test/raw/rnaseq/data/reads/SRR6924589_GSM3073211_Saccharomyces_cerevisiae-AN_Biological_Repeat-1_Saccharomyces_cerevisiae_RNA-Seq_1_50000.fastq.gz"
                        ],
                        [
                            "/trev-f/SRAlign-test/raw/rnaseq/data/reads/SRR6924589_GSM3073211_Saccharomyces_cerevisiae-AN_Biological_Repeat-1_Saccharomyces_cerevisiae_RNA-Seq_2_50000.fastq.gz"
                        ]
                    ]
                ]
            }
        ],
        "timestamp": "2023-10-10T10:13:43.509215546"
    },
    "successfully creates read channels from paired-end samplesheet.": {
        "content": [
            {
                "0": [
                    [
                        {
                            "sampleName": "SRR6924569_GSM3073206_Saccharomyces_cerevisiae-AR_Biological_Repeat-2",
                            "readType": "paired"
                        },
                        [
                            "/trev-f/SRAlign-test/raw/rnaseq/data/reads/SRR6924569_GSM3073206_Saccharomyces_cerevisiae-AR_Biological_Repeat-2_Saccharomyces_cerevisiae_RNA-Seq_1_50000.fastq.gz",
                            "/trev-f/SRAlign-test/raw/rnaseq/data/reads/SRR6924569_GSM3073206_Saccharomyces_cerevisiae-AR_Biological_Repeat-2_Saccharomyces_cerevisiae_RNA-Seq_2_50000.fastq.gz"
                        ]
                    ],
                    [
                        {
                            "sampleName": "SRR6924589_GSM3073211_Saccharomyces_cerevisiae-AN_Biological_Repeat-1",
                            "readType": "paired"
                        },
                        [
                            "/trev-f/SRAlign-test/raw/rnaseq/data/reads/SRR6924589_GSM3073211_Saccharomyces_cerevisiae-AN_Biological_Repeat-1_Saccharomyces_cerevisiae_RNA-Seq_1_50000.fastq.gz",
                            "/trev-f/SRAlign-test/raw/rnaseq/data/reads/SRR6924589_GSM3073211_Saccharomyces_cerevisiae-AN_Biological_Repeat-1_Saccharomyces_cerevisiae_RNA-Seq_2_50000.fastq.gz"
                        ]
                    ]
                ],
                "samples": [
                    [
                        {
                            "sampleName": "SRR6924569_GSM3073206_Saccharomyces_cerevisiae-AR_Biological_Repeat-2",
                            "readType": "paired"
                        },
                        [
                            "/trev-f/SRAlign-test/raw/rnaseq/data/reads/SRR6924569_GSM3073206_Saccharomyces_cerevisiae-AR_Biological_Repeat-2_Saccharomyces_cerevisiae_RNA-Seq_1_50000.fastq.gz",
                            "/trev-f/SRAlign-test/raw/rnaseq/data/reads/SRR6924569_GSM3073206_Saccharomyces_cerevisiae-AR_Biological_Repeat-2_Saccharomyces_cerevisiae_RNA-Seq_2_50000.fastq.gz"
                        ]
                    ],
                    [
                        {
                            "sampleName": "SRR6924589_GSM3073211_Saccharomyces_cerevisiae-AN_Biological_Repeat-1",
                            "readType": "paired"
                        },
                        [
                            "/trev-f/SRAlign-test/raw/rnaseq/data/reads/SRR6924589_GSM3073211_Saccharomyces_cerevisiae-AN_Biological_Repeat-1_Saccharomyces_cerevisiae_RNA-Seq_1_50000.fastq.gz",
                            "/trev-f/SRAlign-test/raw/rnaseq/data/reads/SRR6924589_GSM3073211_Saccharomyces_cerevisiae-AN_Biological_Repeat-1_Saccharomyces_cerevisiae_RNA-Seq_2_50000.fastq.gz"
                        ]
                    ]
                ]
            }
        ],
        "timestamp": "2023-09-28T16:04:46+0000"
    },
    "Parse_Samplesheet successfully creates read channels from paired-end samplesheet.": {
        "content": [
            {
                "0": [
                    [
                        {
                            "sampleName": "SRR6924569_GSM3073206_Saccharomyces_cerevisiae-AR_Biological_Repeat-2",
                            "trimStatus": "raw",
                            "readType": "paired",
                            "rgFields": {
                                "ID": "SRR6924569_GSM3073206_Saccharomyces_cerevisiae-AR_Biological_Repeat-2.null",
                                "SM": "SRR6924569_GSM3073206_Saccharomyces_cerevisiae-AR_Biological_Repeat-2",
                                "LB": "SRR6924569_GSM3073206_Saccharomyces_cerevisiae-AR_Biological_Repeat-2",
                                "PL": "ILLUMINA"
                            }
                        },
                        "/trev-f/SRAlign-test/raw/rnaseq/data/reads/SRR6924569_GSM3073206_Saccharomyces_cerevisiae-AR_Biological_Repeat-2_Saccharomyces_cerevisiae_RNA-Seq_1_50000.fastq.gz",
                        "/trev-f/SRAlign-test/raw/rnaseq/data/reads/SRR6924569_GSM3073206_Saccharomyces_cerevisiae-AR_Biological_Repeat-2_Saccharomyces_cerevisiae_RNA-Seq_2_50000.fastq.gz"
                    ],
                    [
                        {
                            "sampleName": "SRR6924589_GSM3073211_Saccharomyces_cerevisiae-AN_Biological_Repeat-1",
                            "trimStatus": "raw",
                            "readType": "paired",
                            "rgFields": {
                                "ID": "SRR6924589_GSM3073211_Saccharomyces_cerevisiae-AN_Biological_Repeat-1.null",
                                "SM": "SRR6924589_GSM3073211_Saccharomyces_cerevisiae-AN_Biological_Repeat-1",
                                "LB": "SRR6924589_GSM3073211_Saccharomyces_cerevisiae-AN_Biological_Repeat-1",
                                "PL": "ILLUMINA"
                            }
                        },
                        "/trev-f/SRAlign-test/raw/rnaseq/data/reads/SRR6924589_GSM3073211_Saccharomyces_cerevisiae-AN_Biological_Repeat-1_Saccharomyces_cerevisiae_RNA-Seq_1_50000.fastq.gz",
                        "/trev-f/SRAlign-test/raw/rnaseq/data/reads/SRR6924589_GSM3073211_Saccharomyces_cerevisiae-AN_Biological_Repeat-1_Saccharomyces_cerevisiae_RNA-Seq_2_50000.fastq.gz"
                    ]
                ],
                "samples": [
                    [
                        {
                            "sampleName": "SRR6924569_GSM3073206_Saccharomyces_cerevisiae-AR_Biological_Repeat-2",
                            "trimStatus": "raw",
                            "readType": "paired",
                            "rgFields": {
                                "ID": "SRR6924569_GSM3073206_Saccharomyces_cerevisiae-AR_Biological_Repeat-2.null",
                                "SM": "SRR6924569_GSM3073206_Saccharomyces_cerevisiae-AR_Biological_Repeat-2",
                                "LB": "SRR6924569_GSM3073206_Saccharomyces_cerevisiae-AR_Biological_Repeat-2",
                                "PL": "ILLUMINA"
                            }
                        },
                        "/trev-f/SRAlign-test/raw/rnaseq/data/reads/SRR6924569_GSM3073206_Saccharomyces_cerevisiae-AR_Biological_Repeat-2_Saccharomyces_cerevisiae_RNA-Seq_1_50000.fastq.gz",
                        "/trev-f/SRAlign-test/raw/rnaseq/data/reads/SRR6924569_GSM3073206_Saccharomyces_cerevisiae-AR_Biological_Repeat-2_Saccharomyces_cerevisiae_RNA-Seq_2_50000.fastq.gz"
                    ],
                    [
                        {
                            "sampleName": "SRR6924589_GSM3073211_Saccharomyces_cerevisiae-AN_Biological_Repeat-1",
                            "trimStatus": "raw",
                            "readType": "paired",
                            "rgFields": {
                                "ID": "SRR6924589_GSM3073211_Saccharomyces_cerevisiae-AN_Biological_Repeat-1.null",
                                "SM": "SRR6924589_GSM3073211_Saccharomyces_cerevisiae-AN_Biological_Repeat-1",
                                "LB": "SRR6924589_GSM3073211_Saccharomyces_cerevisiae-AN_Biological_Repeat-1",
                                "PL": "ILLUMINA"
                            }
                        },
                        "/trev-f/SRAlign-test/raw/rnaseq/data/reads/SRR6924589_GSM3073211_Saccharomyces_cerevisiae-AN_Biological_Repeat-1_Saccharomyces_cerevisiae_RNA-Seq_1_50000.fastq.gz",
                        "/trev-f/SRAlign-test/raw/rnaseq/data/reads/SRR6924589_GSM3073211_Saccharomyces_cerevisiae-AN_Biological_Repeat-1_Saccharomyces_cerevisiae_RNA-Seq_2_50000.fastq.gz"
                    ]
                ]
            }
        ],
        "timestamp": "2023-10-30T10:27:09.845104205"
    },
    "successfully creates read channels from mixed single-end and paired-end samplesheet.": {
        "content": [
            {
                "0": [
                    [
                        {
                            "sampleName": "SRR6924569_GSM3073206_Saccharomyces_cerevisiae-AR_Biological_Repeat-2",
                            "readType": "paired"
                        },
                        [
                            "/trev-f/SRAlign-test/raw/rnaseq/data/reads/SRR6924569_GSM3073206_Saccharomyces_cerevisiae-AR_Biological_Repeat-2_Saccharomyces_cerevisiae_RNA-Seq_1_50000.fastq.gz",
                            "/trev-f/SRAlign-test/raw/rnaseq/data/reads/SRR6924569_GSM3073206_Saccharomyces_cerevisiae-AR_Biological_Repeat-2_Saccharomyces_cerevisiae_RNA-Seq_2_50000.fastq.gz"
                        ]
                    ],
                    [
                        {
                            "sampleName": "SRR6924589_GSM3073211_Saccharomyces_cerevisiae-AN_Biological_Repeat-1",
                            "readType": "paired"
                        },
                        [
                            "/trev-f/SRAlign-test/raw/rnaseq/data/reads/SRR6924589_GSM3073211_Saccharomyces_cerevisiae-AN_Biological_Repeat-1_Saccharomyces_cerevisiae_RNA-Seq_1_50000.fastq.gz",
                            "/trev-f/SRAlign-test/raw/rnaseq/data/reads/SRR6924589_GSM3073211_Saccharomyces_cerevisiae-AN_Biological_Repeat-1_Saccharomyces_cerevisiae_RNA-Seq_2_50000.fastq.gz"
                        ]
                    ],
                    [
                        {
                            "sampleName": "SRR1066657_GSM1299413_WT_NR_A",
                            "readType": "single"
                        },
                        [
                            "/trev-f/SRAlign-test/raw/rnaseq/data/reads/SRR1066657_GSM1299413_WT_NR_A_Saccharomyces_cerevisiae_RNA-Seq_50000.fastq.gz"
                        ]
                    ],
                    [
                        {
                            "sampleName": "SRR1066658_GSM1299414_WT_NR_B",
                            "readType": "single"
                        },
                        [
                            "/trev-f/SRAlign-test/raw/rnaseq/data/reads/SRR1066658_GSM1299414_WT_NR_B_Saccharomyces_cerevisiae_RNA-Seq_50000.fastq.gz"
                        ]
                    ]
                ],
                "samples": [
                    [
                        {
                            "sampleName": "SRR6924569_GSM3073206_Saccharomyces_cerevisiae-AR_Biological_Repeat-2",
                            "readType": "paired"
                        },
                        [
                            "/trev-f/SRAlign-test/raw/rnaseq/data/reads/SRR6924569_GSM3073206_Saccharomyces_cerevisiae-AR_Biological_Repeat-2_Saccharomyces_cerevisiae_RNA-Seq_1_50000.fastq.gz",
                            "/trev-f/SRAlign-test/raw/rnaseq/data/reads/SRR6924569_GSM3073206_Saccharomyces_cerevisiae-AR_Biological_Repeat-2_Saccharomyces_cerevisiae_RNA-Seq_2_50000.fastq.gz"
                        ]
                    ],
                    [
                        {
                            "sampleName": "SRR6924589_GSM3073211_Saccharomyces_cerevisiae-AN_Biological_Repeat-1",
                            "readType": "paired"
                        },
                        [
                            "/trev-f/SRAlign-test/raw/rnaseq/data/reads/SRR6924589_GSM3073211_Saccharomyces_cerevisiae-AN_Biological_Repeat-1_Saccharomyces_cerevisiae_RNA-Seq_1_50000.fastq.gz",
                            "/trev-f/SRAlign-test/raw/rnaseq/data/reads/SRR6924589_GSM3073211_Saccharomyces_cerevisiae-AN_Biological_Repeat-1_Saccharomyces_cerevisiae_RNA-Seq_2_50000.fastq.gz"
                        ]
                    ],
                    [
                        {
                            "sampleName": "SRR1066657_GSM1299413_WT_NR_A",
                            "readType": "single"
                        },
                        [
                            "/trev-f/SRAlign-test/raw/rnaseq/data/reads/SRR1066657_GSM1299413_WT_NR_A_Saccharomyces_cerevisiae_RNA-Seq_50000.fastq.gz"
                        ]
                    ],
                    [
                        {
                            "sampleName": "SRR1066658_GSM1299414_WT_NR_B",
                            "readType": "single"
                        },
                        [
                            "/trev-f/SRAlign-test/raw/rnaseq/data/reads/SRR1066658_GSM1299414_WT_NR_B_Saccharomyces_cerevisiae_RNA-Seq_50000.fastq.gz"
                        ]
                    ]
                ]
            }
        ],
        "timestamp": "2023-09-28T16:04:46+0000"
    },
    "Parse_Design successfully creates read channels from paired-end samplesheet.": {
        "content": [
            {
                "0": [
                    [
                        {
                            "sampleName": "SRR6924569_GSM3073206_Saccharomyces_cerevisiae-AR_Biological_Repeat-2",
                            "readType": "paired"
                        },
                        [
                            "/trev-f/SRAlign-test/raw/rnaseq/data/reads/SRR6924569_GSM3073206_Saccharomyces_cerevisiae-AR_Biological_Repeat-2_Saccharomyces_cerevisiae_RNA-Seq_1_50000.fastq.gz"
                        ],
                        [
                            "/trev-f/SRAlign-test/raw/rnaseq/data/reads/SRR6924569_GSM3073206_Saccharomyces_cerevisiae-AR_Biological_Repeat-2_Saccharomyces_cerevisiae_RNA-Seq_2_50000.fastq.gz"
                        ]
                    ],
                    [
                        {
                            "sampleName": "SRR6924589_GSM3073211_Saccharomyces_cerevisiae-AN_Biological_Repeat-1",
                            "readType": "paired"
                        },
                        [
                            "/trev-f/SRAlign-test/raw/rnaseq/data/reads/SRR6924589_GSM3073211_Saccharomyces_cerevisiae-AN_Biological_Repeat-1_Saccharomyces_cerevisiae_RNA-Seq_1_50000.fastq.gz"
                        ],
                        [
                            "/trev-f/SRAlign-test/raw/rnaseq/data/reads/SRR6924589_GSM3073211_Saccharomyces_cerevisiae-AN_Biological_Repeat-1_Saccharomyces_cerevisiae_RNA-Seq_2_50000.fastq.gz"
                        ]
                    ]
                ],
                "samples": [
                    [
                        {
                            "sampleName": "SRR6924569_GSM3073206_Saccharomyces_cerevisiae-AR_Biological_Repeat-2",
                            "readType": "paired"
                        },
                        [
                            "/trev-f/SRAlign-test/raw/rnaseq/data/reads/SRR6924569_GSM3073206_Saccharomyces_cerevisiae-AR_Biological_Repeat-2_Saccharomyces_cerevisiae_RNA-Seq_1_50000.fastq.gz"
                        ],
                        [
                            "/trev-f/SRAlign-test/raw/rnaseq/data/reads/SRR6924569_GSM3073206_Saccharomyces_cerevisiae-AR_Biological_Repeat-2_Saccharomyces_cerevisiae_RNA-Seq_2_50000.fastq.gz"
                        ]
                    ],
                    [
                        {
                            "sampleName": "SRR6924589_GSM3073211_Saccharomyces_cerevisiae-AN_Biological_Repeat-1",
                            "readType": "paired"
                        },
                        [
                            "/trev-f/SRAlign-test/raw/rnaseq/data/reads/SRR6924589_GSM3073211_Saccharomyces_cerevisiae-AN_Biological_Repeat-1_Saccharomyces_cerevisiae_RNA-Seq_1_50000.fastq.gz"
                        ],
                        [
                            "/trev-f/SRAlign-test/raw/rnaseq/data/reads/SRR6924589_GSM3073211_Saccharomyces_cerevisiae-AN_Biological_Repeat-1_Saccharomyces_cerevisiae_RNA-Seq_2_50000.fastq.gz"
                        ]
                    ]
                ]
            }
        ],
        "timestamp": "2023-10-10T10:13:37.890769737"
    }
}