{
    "Prepare_Refs successfully unzips and emits GZIP-compressed genome and GTF files.": {
        "content": [
            [
                "genome_I.fa:md5,e050100d0a9a7d06a8accf8424ad0d98"
            ],
            [
                "genome_I.fa.fai:md5,2cd76d936cbfa386b14154506c2041b2"
            ],
            [
                "annotations_I.gtf:md5,61525d86cb937e0fe5b349215c50498c"
            ]
        ],
        "timestamp": "2023-11-07T14:57:29.749656762"
    },
    "Prepare_Refs successfully emits uncompressed genome and GTF files when uncompressed inputs are given.": {
        "content": [
            [
                "/utia-gc/ngs-test/raw/ngs/data/references/R64-1-1/genome_I.fa"
            ],
            [
                "genome_I.fa.fai:md5,2cd76d936cbfa386b14154506c2041b2"
            ],
            [
                "/utia-gc/ngs-test/raw/ngs/data/references/R64-1-1/annotations_I.gtf"
            ]
        ],
        "timestamp": "2023-11-07T14:57:40.865596797"
    }
}