{
    "Prepare_Refs successfully unzips and emits GZIP-compressed fasta and GTF files.": {
        "content": [
            {
                "0": [
                    "genome_I.fa:md5,e050100d0a9a7d06a8accf8424ad0d98"
                ],
                "1": [
                    "annotations_I.gtf:md5,61525d86cb937e0fe5b349215c50498c"
                ],
                "annotations": [
                    "annotations_I.gtf:md5,61525d86cb937e0fe5b349215c50498c"
                ],
                "fasta": [
                    "genome_I.fa:md5,e050100d0a9a7d06a8accf8424ad0d98"
                ]
            }
        ],
        "timestamp": "2023-09-27T15:44:42+0000"
    },
    "successfully emits uncompressed fasta and GTF files when uncompressed inputs are given.": {
        "content": [
            {
                "0": [
                    "/trev-f/SRAlign-test/raw/rnaseq/data/references/R64-1-1/genome_I.fa"
                ],
                "1": [
                    "/trev-f/SRAlign-test/raw/rnaseq/data/references/R64-1-1/annotations_I.gtf"
                ],
                "annotations": [
                    "/trev-f/SRAlign-test/raw/rnaseq/data/references/R64-1-1/annotations_I.gtf"
                ],
                "fasta": [
                    "/trev-f/SRAlign-test/raw/rnaseq/data/references/R64-1-1/genome_I.fa"
                ]
            }
        ],
        "timestamp": "2023-09-27T15:44:42+0000"
    },
    "successfully unzips and emits GZIP-compressed fasta and GTF files.": {
        "content": [
            {
                "0": [
                    "genome_I.fa:md5,e050100d0a9a7d06a8accf8424ad0d98"
                ],
                "1": [
                    "annotations_I.gtf:md5,61525d86cb937e0fe5b349215c50498c"
                ],
                "annotations": [
                    "annotations_I.gtf:md5,61525d86cb937e0fe5b349215c50498c"
                ],
                "fasta": [
                    "genome_I.fa:md5,e050100d0a9a7d06a8accf8424ad0d98"
                ]
            }
        ],
        "timestamp": "2023-09-27T15:44:42+0000"
    },
    "Prepare_Refs successfully unzips and emits GZIP-compressed genome and GTF files.": {
        "content": [
            [
                "genome_I.fa:md5,e050100d0a9a7d06a8accf8424ad0d98"
            ],
            [
                "genome_I.fa.fai:md5,2cd76d936cbfa386b14154506c2041b2"
            ],
            [
                "annotations_I.gtf:md5,61525d86cb937e0fe5b349215c50498c"
            ]
        ],
        "timestamp": "2023-11-07T14:57:29.749656762"
    },
    "Prepare_Refs successfully emits uncompressed fasta and GTF files when uncompressed inputs are given.": {
        "content": [
            {
                "0": [
                    "/trev-f/SRAlign-test/raw/rnaseq/data/references/R64-1-1/genome_I.fa"
                ],
                "1": [
                    "/trev-f/SRAlign-test/raw/rnaseq/data/references/R64-1-1/annotations_I.gtf"
                ],
                "annotations": [
                    "/trev-f/SRAlign-test/raw/rnaseq/data/references/R64-1-1/annotations_I.gtf"
                ],
                "fasta": [
                    "/trev-f/SRAlign-test/raw/rnaseq/data/references/R64-1-1/genome_I.fa"
                ]
            }
        ],
        "timestamp": "2023-09-27T15:44:42+0000"
    },
    "Prepare_Refs successfully emits uncompressed genome and GTF files when uncompressed inputs are given.": {
        "content": [
            [
                "/utia-gc/ngs-test/raw/ngs/data/references/R64-1-1/genome_I.fa"
            ],
            [
                "genome_I.fa.fai:md5,2cd76d936cbfa386b14154506c2041b2"
            ],
            [
                "/utia-gc/ngs-test/raw/ngs/data/references/R64-1-1/annotations_I.gtf"
            ]
        ],
        "timestamp": "2023-11-07T14:57:40.865596797"
    }
}