{
    "Star builds index and aligns reads -- PE reads.": {
        "content": [
            {
                "0": [
                    [
                        {
                            "sampleName": "SRR6924569",
                            "sampleNumber": "1",
                            "lane": "001",
                            "readType": "paired",
                            "rgFields": {
                                "ID": "SRR6924569.001",
                                "SM": "SRR6924569",
                                "LB": "SRR6924569",
                                "PL": "ILLUMINA"
                            }
                        },
                        "SRR6924569_L001_Aligned.out.sam:md5,9da9e8e690cec3daed1f984d1d3077c4"
                    ]
                ],
                "alignments": [
                    [
                        {
                            "sampleName": "SRR6924569",
                            "sampleNumber": "1",
                            "lane": "001",
                            "readType": "paired",
                            "rgFields": {
                                "ID": "SRR6924569.001",
                                "SM": "SRR6924569",
                                "LB": "SRR6924569",
                                "PL": "ILLUMINA"
                            }
                        },
                        "SRR6924569_L001_Aligned.out.sam:md5,9da9e8e690cec3daed1f984d1d3077c4"
                    ]
                ]
            }
        ],
        "timestamp": "2023-10-30T11:50:00.875088039"
    },
    "Star builds index and aligns reads -- SE reads.": {
        "content": [
            {
                "0": [
                    [
                        {
                            "sampleName": "SRR1066657",
                            "sampleNumber": "3",
                            "lane": "001",
                            "readType": "single",
                            "rgFields": {
                                "ID": "SRR1066657.001",
                                "SM": "SRR1066657",
                                "LB": "SRR1066657",
                                "PL": "ILLUMINA"
                            }
                        },
                        "SRR1066657_L001_Aligned.out.sam:md5,368220688fe7cec495fede5748e075c4"
                    ]
                ],
                "alignments": [
                    [
                        {
                            "sampleName": "SRR1066657",
                            "sampleNumber": "3",
                            "lane": "001",
                            "readType": "single",
                            "rgFields": {
                                "ID": "SRR1066657.001",
                                "SM": "SRR1066657",
                                "LB": "SRR1066657",
                                "PL": "ILLUMINA"
                            }
                        },
                        "SRR1066657_L001_Aligned.out.sam:md5,368220688fe7cec495fede5748e075c4"
                    ]
                ]
            }
        ],
        "timestamp": "2023-10-30T11:46:19.80524137"
    }
}