{
    "Trim_Reads succeeds -- fastp + PE reads.": {
        "content": [
            [
                [
                    {
                        "sampleName": "SRR6924569",
                        "sampleNumber": "1",
                        "lane": "001",
                        "readType": "paired"
                    },
                    [
                        "SRR6924569_trimmed_R1.fastq.gz:md5,35deef2a325540a00e1f24d8caf3d8b6",
                        "SRR6924569_trimmed_R2.fastq.gz:md5,6ed67e7615213a26056471e08ae14806"
                    ]
                ]
            ]
        ],
        "timestamp": "2023-09-14T20:48:40+0000"
    },
    "Trim_Reads succeeds -- fastp + SE reads.": {
        "content": [
            [
                [
                    {
                        "sampleName": "SRR1066657",
                        "sampleNumber": "3",
                        "lane": "001",
                        "readType": "single"
                    },
                    "SRR1066657_trimmed_R1.fastq.gz:md5,8b2b5da31a1d3fc3482f3998741c4a96"
                ]
            ]
        ],
        "timestamp": "2023-09-14T20:48:40+0000"
    }
}