{
    "MAP_READS maps reads to a reference genome and outputs sorted BAMs -- bwa-mem2 + SE reads.": {
        "content": [
            {
                "0": [
                    [
                        {
                            "sampleName": "SRR1066657",
                            "sampleNumber": "3",
                            "readType": "single"
                        },
                        "SRR1066657_sorted.bam:md5,7714ba0359a7ee81188527413e95a085",
                        "SRR1066657_sorted.bam.bai:md5,b84e9453531a33ca4c05ec65637a21de"
                    ]
                ],
                "alignments": [
                    [
                        {
                            "sampleName": "SRR1066657",
                            "sampleNumber": "3",
                            "readType": "single"
                        },
                        "SRR1066657_sorted.bam:md5,7714ba0359a7ee81188527413e95a085",
                        "SRR1066657_sorted.bam.bai:md5,b84e9453531a33ca4c05ec65637a21de"
                    ]
                ]
            }
        ],
        "timestamp": "2023-09-25T19:03:47+0000"
    },
    "MAP_READS maps reads to a reference genome and outputs sorted BAMs -- bwa-mem2 + PE reads.": {
        "content": [
            {
                "0": [
                    [
                        {
                            "sampleName": "SRR6924569",
                            "sampleNumber": "1",
                            "readType": "paired"
                        },
                        "SRR6924569_sorted.bam:md5,17906e3b45c20534269939c7cdae044c",
                        "SRR6924569_sorted.bam.bai:md5,3fffc82ecc2424f07ef81e35f51028f6"
                    ]
                ],
                "alignments": [
                    [
                        {
                            "sampleName": "SRR6924569",
                            "sampleNumber": "1",
                            "readType": "paired"
                        },
                        "SRR6924569_sorted.bam:md5,17906e3b45c20534269939c7cdae044c",
                        "SRR6924569_sorted.bam.bai:md5,3fffc82ecc2424f07ef81e35f51028f6"
                    ]
                ]
            }
        ],
        "timestamp": "2023-09-25T19:03:47+0000"
    }
}