{
    "PROCESS_READS trims reads by default -- cutadapt + PE reads.": {
        "content": [
            [
                [
                    {
                        "sampleName": "SRR6924569",
                        "sampleNumber": "1",
                        "lane": "001",
                        "readType": "paired",
                        "trimStatus": "trimmed"
                    },
                    "SRR6924569_L001_trimmed_R1.fastq.gz:md5,1025b1a273fee2b51bd597f519ebbe86",
                    "SRR6924569_L001_trimmed_R2.fastq.gz:md5,3c3451e122dcf82b1be4a4526519fcc7"
                ],
                [
                    {
                        "sampleName": "SRR6924569",
                        "sampleNumber": "1",
                        "lane": "002",
                        "readType": "paired",
                        "trimStatus": "trimmed"
                    },
                    "SRR6924569_L002_trimmed_R1.fastq.gz:md5,0a8a869af34fd3f2c45b01d29b031c8f",
                    "SRR6924569_L002_trimmed_R2.fastq.gz:md5,5308d8b5e743b06434c3fa27776d34b6"
                ]
            ]
        ],
        "timestamp": "2023-10-19T13:29:30.171909727"
    },
    "PROCESS_READS trims reads by default -- cutadapt + SE reads.": {
        "content": [
            [
                [
                    {
                        "sampleName": "SRR1066657",
                        "sampleNumber": "3",
                        "lane": "001",
                        "readType": "single",
                        "trimStatus": "trimmed"
                    },
                    "SRR1066657_L001_trimmed_R1.fastq.gz:md5,0cf552582764f49d0eb969ffb0950ed4",
                    "SRR1066657_L001_trimmed_R2.NOFILE:md5,d41d8cd98f00b204e9800998ecf8427e"
                ],
                [
                    {
                        "sampleName": "SRR1066657",
                        "sampleNumber": "3",
                        "lane": "002",
                        "readType": "single",
                        "trimStatus": "trimmed"
                    },
                    "SRR1066657_L002_trimmed_R1.fastq.gz:md5,c1ea5e2cbe17ba4c407d653af99fe2e9",
                    "SRR1066657_L002_trimmed_R2.NOFILE:md5,d41d8cd98f00b204e9800998ecf8427e"
                ]
            ]
        ],
        "timestamp": "2023-10-19T13:29:18.699389544"
    },
    "PROCESS_READS trims reads by default -- fastp +  PE reads.": {
        "content": [
            [
                [
                    {
                        "sampleName": "SRR6924569",
                        "sampleNumber": "1",
                        "lane": "001",
                        "readType": "paired",
                        "trimStatus": "trimmed"
                    },
                    "SRR6924569_L001_trimmed_R1.fastq.gz:md5,92338c4ea608209b461a6d747fc272bb",
                    "SRR6924569_L001_trimmed_R2.fastq.gz:md5,ffc0f8521e55d3f76548fc0da8b2f728"
                ],
                [
                    {
                        "sampleName": "SRR6924569",
                        "sampleNumber": "1",
                        "lane": "002",
                        "readType": "paired",
                        "trimStatus": "trimmed"
                    },
                    "SRR6924569_L002_trimmed_R1.fastq.gz:md5,9a0fa56bcd727f8b74e6be982dafe605",
                    "SRR6924569_L002_trimmed_R2.fastq.gz:md5,4f4ff327daa6b0c6e2daa2679c9ef894"
                ]
            ]
        ],
        "timestamp": "2023-10-31T13:44:10.791981151"
    },
    "PROCESS_READS trims reads by default -- fastp + SE reads.": {
        "content": [
            [
                [
                    {
                        "sampleName": "SRR1066657",
                        "sampleNumber": "3",
                        "lane": "001",
                        "readType": "single",
                        "trimStatus": "trimmed"
                    },
                    "SRR1066657_L001_trimmed_R1.fastq.gz:md5,fd66b28bfdc8dbc6888912de7bcebd92",
                    "SRR1066657_L001_trimmed_R2.NOFILE:md5,d41d8cd98f00b204e9800998ecf8427e"
                ],
                [
                    {
                        "sampleName": "SRR1066657",
                        "sampleNumber": "3",
                        "lane": "002",
                        "readType": "single",
                        "trimStatus": "trimmed"
                    },
                    "SRR1066657_L002_trimmed_R1.fastq.gz:md5,450f10949d14764d502384fdc415f8e1",
                    "SRR1066657_L002_trimmed_R2.NOFILE:md5,d41d8cd98f00b204e9800998ecf8427e"
                ]
            ]
        ],
        "timestamp": "2023-10-31T13:43:53.539783212"
    }
}